\BOOKMARK [1][-]{section.1}{\376\377\000M\000o\000d\000e\000l\000o\000s\000\040\000e\000l\000e\000m\000e\000n\000t\000a\000l\000e\000s\000\040\000y\000\040\000o\000r\000i\000g\000e\000n\000\040\000d\000e\000\040\000l\000a\000s\000\040\000E\000D\000O\000s}{}% 1
\BOOKMARK [2][-]{subsection.1.1}{\376\377\000C\000a\000\355\000d\000a\000\040\000l\000i\000b\000r\000e}{section.1}% 2
\BOOKMARK [2][-]{subsection.1.2}{\376\377\000D\000e\000c\000a\000i\000m\000i\000e\000n\000t\000o\000\040\000r\000a\000d\000i\000a\000c\000t\000i\000v\000o}{section.1}% 3
\BOOKMARK [1][-]{section.2}{\376\377\000S\000e\000p\000a\000r\000a\000c\000i\000\363\000n\000\040\000d\000e\000\040\000v\000a\000r\000i\000a\000b\000l\000e\000s\000\040\000y\000\040\000s\000o\000l\000u\000c\000i\000\363\000n\000\040\000a\000n\000a\000l\000\355\000t\000i\000c\000a}{}% 4
\BOOKMARK [2][-]{subsection.2.1}{\376\377\000S\000o\000l\000u\000c\000i\000\363\000n\000\040\000d\000e\000l\000\040\000d\000e\000c\000a\000i\000m\000i\000e\000n\000t\000o\000\040\000r\000a\000d\000i\000a\000c\000t\000i\000v\000o}{section.2}% 5
\BOOKMARK [2][-]{subsection.2.2}{\376\377\000V\000i\000d\000a\000\040\000m\000e\000d\000i\000a}{section.2}% 6
\BOOKMARK [1][-]{section.3}{\376\377\000E\000c\000u\000a\000c\000i\000o\000n\000e\000s\000\040\000l\000i\000n\000e\000a\000l\000e\000s\000\040\000d\000e\000\040\000p\000r\000i\000m\000e\000r\000\040\000o\000r\000d\000e\000n}{}% 7
\BOOKMARK [2][-]{subsection.3.1}{\376\377\000M\000o\000d\000e\000l\000o\000\040\000c\000o\000m\000p\000a\000r\000t\000i\000m\000e\000n\000t\000a\000l\000\040\000c\000o\000n\000\040\000e\000n\000t\000r\000a\000d\000a\000\040\000c\000o\000n\000s\000t\000a\000n\000t\000e}{section.3}% 8
\BOOKMARK [2][-]{subsection.3.2}{\376\377\000C\000i\000r\000c\000u\000i\000t\000o\000\040\000R\000C}{section.3}% 9
\BOOKMARK [1][-]{section.4}{\376\377\000C\000i\000n\000\351\000t\000i\000c\000a\000\040\000q\000u\000\355\000m\000i\000c\000a}{}% 10
\BOOKMARK [2][-]{subsection.4.1}{\376\377\000R\000e\000a\000c\000c\000i\000\363\000n\000\040\000e\000l\000e\000m\000e\000n\000t\000a\000l\000\040\000A\000\040\000t\000o\000\040\000B\000\040\000\050\000p\000r\000i\000m\000e\000r\000\040\000o\000r\000d\000e\000n\000\051}{section.4}% 11
\BOOKMARK [2][-]{subsection.4.2}{\376\377\000L\000e\000y\000\040\000d\000e\000\040\000a\000c\000c\000i\000\363\000n\000\040\000d\000e\000\040\000m\000a\000s\000a\000s}{section.4}% 12
\BOOKMARK [1][-]{section.5}{\376\377\000M\000o\000d\000e\000l\000o\000s\000\040\000p\000o\000b\000l\000a\000c\000i\000o\000n\000a\000l\000e\000s}{}% 13
\BOOKMARK [2][-]{subsection.5.1}{\376\377\000M\000o\000d\000e\000l\000o\000\040\000m\000a\000l\000t\000h\000u\000s\000i\000a\000n\000o\000\040\000\050\000v\000\351\000a\000s\000e\000\040\000N\000a\000g\000l\000e\000,\000\040\000\247\0003\000.\0002\000\051}{section.5}% 14
\BOOKMARK [2][-]{subsection.5.2}{\376\377\000M\000o\000d\000e\000l\000o\000\040\000c\000o\000n\000\040\000e\000n\000t\000r\000a\000d\000a\000\040\000y\000\040\000s\000a\000l\000i\000d\000a}{section.5}% 15
\BOOKMARK [1][-]{section.6}{\376\377\000E\000c\000u\000a\000c\000i\000o\000n\000e\000s\000\040\000d\000i\000f\000e\000r\000e\000n\000c\000i\000a\000l\000e\000s\000\040\000a\000u\000t\000\363\000n\000o\000m\000a\000s}{}% 16
\BOOKMARK [2][-]{subsection.6.1}{\376\377\000P\000u\000n\000t\000o\000s\000\040\000d\000e\000\040\000e\000q\000u\000i\000l\000i\000b\000r\000i\000o}{section.6}% 17
\BOOKMARK [2][-]{subsection.6.2}{\376\377\000L\000\355\000n\000e\000a\000\040\000d\000e\000\040\000f\000a\000s\000e\000\040\000y\000\040\000a\000n\000\341\000l\000i\000s\000i\000s\000\040\000g\000e\000o\000m\000\351\000t\000r\000i\000c\000o}{section.6}% 18
\BOOKMARK [1][-]{section.7}{\376\377\000E\000s\000t\000a\000b\000i\000l\000i\000d\000a\000d\000\040\000y\000\040\000l\000i\000n\000e\000a\000l\000i\000z\000a\000c\000i\000\363\000n}{}% 19
\BOOKMARK [2][-]{subsection.7.1}{\376\377\000D\000e\000f\000i\000n\000i\000c\000i\000o\000n\000e\000s\000\040\000f\000o\000r\000m\000a\000l\000e\000s}{section.7}% 20
\BOOKMARK [2][-]{subsection.7.2}{\376\377\000C\000r\000i\000t\000e\000r\000i\000o\000\040\000d\000e\000\040\000l\000i\000n\000e\000a\000l\000i\000z\000a\000c\000i\000\363\000n\000\040\000\050\000c\000a\000s\000o\000\040\000e\000s\000c\000a\000l\000a\000r\000\051}{section.7}% 21
\BOOKMARK [2][-]{subsection.7.3}{\376\377\000E\000x\000p\000a\000n\000s\000i\000\363\000n\000\040\000d\000e\000\040\000T\000a\000y\000l\000o\000r\000\040\000e\000n\000\040\000u\000n\000a\000\040\000y\000\040\000d\000o\000s\000\040\000d\000i\000m\000e\000n\000s\000i\000o\000n\000e\000s}{section.7}% 22
\BOOKMARK [2][-]{subsection.7.4}{\376\377\000L\000i\000n\000e\000a\000l\000i\000z\000a\000c\000i\000\363\000n\000\040\000e\000n\000\040\000s\000i\000s\000t\000e\000m\000a\000s\000\040\000p\000l\000a\000n\000o\000s}{section.7}% 23
\BOOKMARK [1][-]{section.8}{\376\377\000M\000o\000d\000e\000l\000o\000\040\000l\000o\000g\000\355\000s\000t\000i\000c\000o}{}% 24
\BOOKMARK [2][-]{subsection.8.1}{\376\377\000P\000u\000n\000t\000o\000s\000\040\000d\000e\000\040\000e\000q\000u\000i\000l\000i\000b\000r\000i\000o}{section.8}% 25
\BOOKMARK [2][-]{subsection.8.2}{\376\377\000A\000n\000\341\000l\000i\000s\000i\000s\000\040\000g\000e\000o\000m\000\351\000t\000r\000i\000c\000o}{section.8}% 26
\BOOKMARK [2][-]{subsection.8.3}{\376\377\000L\000i\000n\000e\000a\000l\000i\000z\000a\000c\000i\000\363\000n}{section.8}% 27
\BOOKMARK [2][-]{subsection.8.4}{\376\377\000S\000o\000l\000u\000c\000i\000\363\000n\000\040\000a\000n\000a\000l\000\355\000t\000i\000c\000a}{section.8}% 28
\BOOKMARK [2][-]{subsection.8.5}{\376\377\000M\000o\000d\000e\000l\000o\000\040\000l\000o\000g\000\355\000s\000t\000i\000c\000o\000\040\000c\000o\000n\000\040\000c\000o\000s\000e\000c\000h\000a}{section.8}% 29
\BOOKMARK [2][-]{subsection.8.6}{\376\377\000M\000o\000d\000e\000l\000o\000\040\000l\000o\000g\000\355\000s\000t\000i\000c\000o\000\040\000c\000o\000n\000\040\000e\000f\000e\000c\000t\000o\000\040\000A\000l\000l\000e\000e}{section.8}% 30
\BOOKMARK [1][-]{section.9}{\376\377\000B\000i\000f\000u\000r\000c\000a\000c\000i\000o\000n\000e\000s\000\040\000e\000n\000\040\000s\000i\000s\000t\000e\000m\000a\000s\000\040\000u\000n\000i\000d\000i\000m\000e\000n\000s\000i\000o\000n\000a\000l\000e\000s}{}% 31
\BOOKMARK [2][-]{subsection.9.1}{\376\377\000B\000i\000f\000u\000r\000c\000a\000c\000i\000\363\000n\000\040\000s\000i\000l\000l\000a\000-\000n\000o\000d\000o}{section.9}% 32
\BOOKMARK [2][-]{subsection.9.2}{\376\377\000B\000i\000f\000u\000r\000c\000a\000c\000i\000\363\000n\000\040\000t\000r\000a\000n\000s\000c\000r\000\355\000t\000i\000c\000a}{section.9}% 33
\BOOKMARK [2][-]{subsection.9.3}{\376\377\000B\000i\000f\000u\000r\000c\000a\000c\000i\000\363\000n\000\040\000p\000i\000t\000c\000h\000f\000o\000r\000k\000\040\000s\000u\000p\000e\000r\000c\000r\000\355\000t\000i\000c\000a}{section.9}% 34
\BOOKMARK [2][-]{subsection.9.4}{\376\377\000B\000i\000f\000u\000r\000c\000a\000c\000i\000\363\000n\000\040\000p\000i\000t\000c\000h\000f\000o\000r\000k\000\040\000s\000u\000b\000c\000r\000\355\000t\000i\000c\000a}{section.9}% 35
\BOOKMARK [2][-]{subsection.9.5}{\376\377\000T\000i\000p\000o\000s\000\040\000d\000e\000\040\000b\000i\000f\000u\000r\000c\000a\000c\000i\000o\000n\000e\000s}{section.9}% 36
\BOOKMARK [2][-]{subsection.9.6}{\376\377\000B\000i\000f\000u\000r\000c\000a\000c\000i\000\363\000n\000\040\000p\000e\000r\000i\000\363\000d\000i\000c\000a\000:\000\040\000f\000l\000u\000j\000o\000s\000\040\000e\000n\000\040\000e\000l\000\040\000c\000\355\000r\000c\000u\000l\000o}{section.9}% 37
\BOOKMARK [2][-]{subsection.9.7}{\376\377\000B\000i\000f\000u\000r\000c\000a\000c\000i\000\363\000n\000\040\000d\000e\000\040\000c\000\372\000s\000p\000i\000d\000e\000\040\000\050\000c\000o\000d\000i\000m\000e\000n\000s\000i\000\363\000n\000\040\0002\000\051}{section.9}% 38
\BOOKMARK [1][-]{section.10}{\376\377\000E\000j\000e\000m\000p\000l\000o\000:\000\040\000y\000'\000\040\000=\000\040\000y\000\262\000\040\000+\000\040\000a\000l\000p\000h\000a}{}% 39
\BOOKMARK [1][-]{section.11}{\376\377\000A\000d\000i\000m\000e\000n\000s\000i\000o\000n\000a\000l\000i\000z\000a\000c\000i\000\363\000n}{}% 40
\BOOKMARK [2][-]{subsection.11.1}{\376\377\000A\000n\000\341\000l\000i\000s\000i\000s\000\040\000d\000i\000m\000e\000n\000s\000i\000o\000n\000a\000l\000\040\000d\000e\000l\000\040\000m\000o\000d\000e\000l\000o\000\040\000l\000o\000g\000\355\000s\000t\000i\000c\000o}{section.11}% 41
\BOOKMARK [2][-]{subsection.11.2}{\376\377\000A\000d\000i\000m\000e\000n\000s\000i\000o\000n\000a\000l\000i\000z\000a\000c\000i\000\363\000n\000\040\000d\000e\000l\000\040\000l\000o\000g\000\355\000s\000t\000i\000c\000o\000\040\000c\000o\000n\000\040\000c\000o\000s\000e\000c\000h\000a}{section.11}% 42
\BOOKMARK [2][-]{subsection.11.3}{\376\377\000A\000d\000i\000m\000e\000n\000s\000i\000o\000n\000a\000l\000i\000z\000a\000c\000i\000\363\000n\000\040\000d\000e\000l\000\040\000e\000f\000e\000c\000t\000o\000\040\000A\000l\000l\000e\000e}{section.11}% 43
\BOOKMARK [2][-]{subsection.11.4}{\376\377\000C\000a\000\355\000d\000a\000\040\000l\000i\000b\000r\000e\000\040\000c\000o\000n\000\040\000r\000e\000s\000i\000s\000t\000e\000n\000c\000i\000a\000\040\000l\000i\000n\000e\000a\000l\000\040\000\050\000v\000\351\000a\000s\000e\000\040\000N\000a\000g\000l\000e\000,\000\040\000\247\0003\000.\0004\000\051}{section.11}% 44
\BOOKMARK [2][-]{subsection.11.5}{\376\377\000O\000s\000c\000i\000l\000a\000d\000o\000r\000\040\000a\000r\000m\000\363\000n\000i\000c\000o\000\040\000a\000m\000o\000r\000t\000i\000g\000u\000a\000d\000o\000\040\000\050\000v\000\351\000a\000s\000e\000\040\000N\000a\000g\000l\000e\000,\000\040\000\247\0004\000.\0001\000,\000\040\000\247\0004\000.\0009\000\051}{section.11}% 45
\BOOKMARK [2][-]{subsection.11.6}{\376\377\000P\000\351\000n\000d\000u\000l\000o\000\040\000s\000i\000m\000p\000l\000e\000\040\000\050\000v\000\351\000a\000s\000e\000\040\000N\000a\000g\000l\000e\000,\000\040\000\247\0004\000.\0008\000\051}{section.11}% 46
\BOOKMARK [1][-]{section.12}{\376\377\000N\000o\000r\000m\000a\000l\000i\000z\000a\000c\000i\000\363\000n\000\040\000d\000e\000l\000\040\000m\000o\000d\000e\000l\000o\000\040\000l\000o\000g\000\355\000s\000t\000i\000c\000o}{}% 47
\BOOKMARK [2][-]{subsection.12.1}{\376\377\000A\000n\000\341\000l\000i\000s\000i\000s\000\040\000d\000i\000m\000e\000n\000s\000i\000o\000n\000a\000l\000\040\000c\000o\000m\000p\000a\000r\000a\000d\000o}{section.12}% 48
\BOOKMARK [1][-]{section.13}{\376\377\000S\000i\000s\000t\000e\000m\000a\000s\000\040\000l\000i\000n\000e\000a\000l\000e\000s\000:\000\040\000X\000'\000\040\000=\000\040\000A\000X}{}% 49
\BOOKMARK [2][-]{subsection.13.1}{\376\377\000E\000l\000\040\000a\000n\000s\000a\000t\000z\000\040\000e\000x\000p\000o\000n\000e\000n\000c\000i\000a\000l\000\040\000y\000\040\000l\000o\000s\000\040\000v\000a\000l\000o\000r\000e\000s\000\040\000p\000r\000o\000p\000i\000o\000s}{section.13}% 50
\BOOKMARK [2][-]{subsection.13.2}{\376\377\000S\000o\000l\000u\000c\000i\000\363\000n\000\040\000g\000e\000n\000e\000r\000a\000l}{section.13}% 51
\BOOKMARK [1][-]{section.14}{\376\377\000D\000i\000n\000\341\000m\000i\000c\000a\000\040\000l\000o\000c\000a\000l\000\040\000e\000n\000\040\000e\000l\000\040\000p\000l\000a\000n\000o\000:\000\040\000t\000i\000p\000o\000s\000\040\000d\000e\000\040\000e\000q\000u\000i\000l\000i\000b\000r\000i\000o\000s}{}% 52
\BOOKMARK [1][-]{section.15}{\376\377\000T\000e\000o\000r\000e\000m\000a\000\040\000d\000e\000\040\000H\000a\000r\000t\000m\000a\000n\000-\000G\000r\000o\000b\000m\000a\000n}{}% 53
\BOOKMARK [2][-]{subsection.15.1}{\376\377\000E\000j\000e\000m\000p\000l\000o\000\040\000t\000r\000a\000b\000a\000j\000a\000d\000o\000:\000\040\000v\000e\000r\000i\000f\000i\000c\000a\000c\000i\000\363\000n\000\040\000d\000e\000\040\000H\000a\000r\000t\000m\000a\000n\000-\000G\000r\000o\000b\000m\000a\000n}{section.15}% 54
\BOOKMARK [2][-]{subsection.15.2}{\376\377\000L\000i\000m\000i\000t\000a\000c\000i\000\363\000n\000\040\000d\000e\000\040\000H\000a\000r\000t\000m\000a\000n\000-\000G\000r\000o\000b\000m\000a\000n\000:\000\040\000e\000l\000\040\000n\000o\000-\000e\000j\000e\000m\000p\000l\000o}{section.15}% 55
\BOOKMARK [1][-]{section.16}{\376\377\000F\000l\000u\000j\000o\000\040\000d\000e\000\040\000u\000n\000\040\000s\000i\000s\000t\000e\000m\000a\000\040\000d\000i\000n\000\341\000m\000i\000c\000o\000\040\000y\000\040\000c\000o\000n\000j\000u\000g\000a\000c\000i\000\363\000n\000\040\000t\000o\000p\000o\000l\000\363\000g\000i\000c\000a}{}% 56
\BOOKMARK [2][-]{subsection.16.1}{\376\377\000E\000l\000\040\000f\000l\000u\000j\000o\000\040\000a\000s\000o\000c\000i\000a\000d\000o\000\040\000a\000\040\000u\000n\000\040\000s\000i\000s\000t\000e\000m\000a}{section.16}% 57
\BOOKMARK [2][-]{subsection.16.2}{\376\377\000C\000o\000n\000j\000u\000g\000a\000c\000i\000\363\000n\000\040\000t\000o\000p\000o\000l\000\363\000g\000i\000c\000a}{section.16}% 58
\BOOKMARK [1][-]{section.17}{\376\377\000I\000s\000o\000c\000l\000i\000n\000a\000s\000\040\000n\000u\000l\000a\000s\000\040\000y\000\040\000a\000n\000\341\000l\000i\000s\000i\000s\000\040\000c\000u\000a\000l\000i\000t\000a\000t\000i\000v\000o\000\040\000e\000n\000\040\000e\000l\000\040\000p\000l\000a\000n\000o}{}% 59
\BOOKMARK [1][-]{section.18}{\376\377\000D\000i\000n\000\341\000m\000i\000c\000a\000\040\000d\000e\000\040\000d\000o\000s\000\040\000p\000o\000b\000l\000a\000c\000i\000o\000n\000e\000s\000:\000\040\000m\000o\000d\000e\000l\000o\000\040\000d\000e\000p\000r\000e\000d\000a\000d\000o\000r\000-\000p\000r\000e\000s\000a}{}% 60
\BOOKMARK [2][-]{subsection.18.1}{\376\377\000A\000d\000i\000m\000e\000n\000s\000i\000o\000n\000a\000l\000i\000z\000a\000c\000i\000\363\000n\000\040\000d\000e\000l\000\040\000s\000i\000s\000t\000e\000m\000a\000\040\000d\000e\000\040\000L\000o\000t\000k\000a\040\023\000V\000o\000l\000t\000e\000r\000r\000a}{section.18}% 61
\BOOKMARK [2][-]{subsection.18.2}{\376\377\000A\000n\000\341\000l\000i\000s\000i\000s\000\040\000d\000e\000\040\000i\000s\000o\000c\000l\000i\000n\000a\000s\000\040\000y\000\040\000s\000i\000g\000n\000o\000s}{section.18}% 62
\BOOKMARK [2][-]{subsection.18.3}{\376\377\000P\000u\000n\000t\000o\000s\000\040\000d\000e\000\040\000e\000q\000u\000i\000l\000i\000b\000r\000i\000o\000\040\000y\000\040\000e\000s\000t\000a\000b\000i\000l\000i\000d\000a\000d\000\040\000l\000o\000c\000a\000l}{section.18}% 63
\BOOKMARK [2][-]{subsection.18.4}{\376\377\000I\000n\000t\000e\000g\000r\000a\000l\000e\000s\000\040\000p\000r\000i\000m\000e\000r\000a\000s\000\040\000y\000\040\000\363\000r\000b\000i\000t\000a\000s\000\040\000c\000e\000r\000r\000a\000d\000a\000s}{section.18}% 64
\BOOKMARK [2][-]{subsection.18.5}{\376\377\000V\000e\000r\000i\000f\000i\000c\000a\000c\000i\000\363\000n\000:\000\040\000H\000\040\000e\000s\000\040\000i\000n\000t\000e\000g\000r\000a\000l\000\040\000p\000r\000i\000m\000e\000r\000a}{section.18}% 65
\BOOKMARK [2][-]{subsection.18.6}{\376\377\000C\000o\000s\000e\000c\000h\000a\000\040\000e\000n\000\040\000e\000l\000\040\000m\000o\000d\000e\000l\000o\000\040\000l\000o\000g\000\355\000s\000t\000i\000c\000o\000:\000\040\000p\000e\000r\000s\000p\000e\000c\000t\000i\000v\000a\000\040\000d\000e\000\040\000i\000n\000t\000e\000g\000r\000a\000l\000e\000s}{section.18}% 66
\BOOKMARK [1][-]{section.19}{\376\377\000S\000i\000s\000t\000e\000m\000a\000s\000\040\000d\000e\000\040\000t\000r\000e\000s\000\040\000v\000a\000r\000i\000a\000b\000l\000e\000s\000\040\000y\000\040\000p\000l\000a\000n\000o\000s\000\040\000i\000n\000v\000a\000r\000i\000a\000n\000t\000e\000s}{}% 67
\BOOKMARK [1][-]{section.20}{\376\377\000M\000o\000d\000e\000l\000o\000s\000\040\000d\000e\000\040\000d\000o\000s\000\040\000e\000s\000p\000e\000c\000i\000e\000s\000\040\000e\000n\000\040\000c\000o\000m\000p\000e\000t\000e\000n\000c\000i\000a}{}% 68
\BOOKMARK [2][-]{subsection.20.1}{\376\377\000S\000i\000s\000t\000e\000m\000a\000\040\000a\000d\000i\000m\000e\000n\000s\000i\000o\000n\000a\000l\000i\000z\000a\000d\000o\000\040\000y\000\040\000s\000i\000g\000n\000i\000f\000i\000c\000a\000d\000o\000\040\000b\000i\000o\000l\000\363\000g\000i\000c\000o}{section.20}% 69
\BOOKMARK [2][-]{subsection.20.2}{\376\377\000I\000s\000o\000c\000l\000i\000n\000a\000s\000\040\000n\000u\000l\000a\000s\000\040\000y\000\040\000p\000u\000n\000t\000o\000s\000\040\000d\000e\000\040\000e\000q\000u\000i\000l\000i\000b\000r\000i\000o}{section.20}% 70
\BOOKMARK [2][-]{subsection.20.3}{\376\377\000E\000s\000t\000a\000b\000i\000l\000i\000d\000a\000d\000\040\000l\000o\000c\000a\000l\000\040\000d\000e\000\040\000l\000o\000s\000\040\000e\000q\000u\000i\000l\000i\000b\000r\000i\000o\000s}{section.20}% 71
\BOOKMARK [1][-]{section.21}{\376\377\000D\000i\000n\000\341\000m\000i\000c\000a\000\040\000d\000e\000\040\000d\000o\000s\000\040\000p\000o\000b\000l\000a\000c\000i\000o\000n\000e\000s\000:\000\040\000m\000o\000d\000e\000l\000o\000\040\000g\000e\000n\000e\000r\000a\000l}{}% 72
\BOOKMARK [1][-]{section.22}{\376\377\000E\000j\000e\000r\000c\000i\000c\000i\000o\000s\000\040\000d\000e\000\040\000c\000i\000e\000r\000r\000e\000\040\000y\000\040\000c\000o\000r\000r\000e\000s\000p\000o\000n\000d\000e\000n\000c\000i\000a\000s}{}% 73
\BOOKMARK [2][-]{subsection.22.1}{\376\377\000E\000D\000O\000s\000:\000\040\000c\000i\000n\000\351\000t\000i\000c\000a\000\040\000q\000u\000\355\000m\000i\000c\000a}{section.22}% 74
\BOOKMARK [2][-]{subsection.22.2}{\376\377\000E\000s\000t\000a\000b\000i\000l\000i\000d\000a\000d\000:\000\040\000m\000o\000d\000e\000l\000o\000\040\000l\000o\000g\000\355\000s\000t\000i\000c\000o}{section.22}% 75
\BOOKMARK [2][-]{subsection.22.3}{\376\377\000A\000d\000i\000m\000e\000n\000s\000i\000o\000n\000a\000l\000i\000z\000a\000c\000i\000\363\000n}{section.22}% 76
\BOOKMARK [2][-]{subsection.22.4}{\376\377\000B\000i\000f\000u\000r\000c\000a\000c\000i\000o\000n\000e\000s\000\040\000\050\000a\000l\000\040\000m\000e\000n\000o\000s\000\040\0005\000\040\000d\000e\000\040\0001\0000\000\051}{section.22}% 77
\BOOKMARK [2][-]{subsection.22.5}{\376\377\000S\000i\000s\000t\000e\000m\000a\000s\000\040\000l\000i\000n\000e\000a\000l\000e\000s\000\040\000y\000\040\000H\000a\000r\000t\000m\000a\000n\000-\000G\000r\000o\000b\000m\000a\000n}{section.22}% 78
